---
source: src/inbox/display.rs
expression: "String::from_utf8(buf).unwrap()"
---
CATEGORY  ISSUE  TITLE                                        ACTOR         AGE
----------------------------------------------------------------------------------
Assigned  ENG-1  Wire up the deterministic dataset generator  Ada Lovelace  1h ago
Mention   ENG-2  Render markdown in the detail pane           Grace Hopper  2d ago
Status    -      -                                            -             9d ago
