---
source: crates/lt-tui/src/render_tests.rs
expression: "draw(&mut app, 160, 20)"
---
"user:Ada Lovelace  org:Acme  sort:updated-                                                                                                                      "
"                                                                                                                                                                "
"IDENTIFIER  TITLE                                STATE        PRIORITY  ASSIGNEE            TEAM                            UPDATED -                           "
"ALT-1       Drive Centralized eyeballs           Todo         Normal    Eli Von             Alternative Dispute Resolution  2026-06-07                          "
"COM-1       Scale Persevering paradigms          Backlog      Normal    -                   Computer Games                  2026-02-11                          "
"MUS-1       Extend Robust systems                Backlog      Normal    -                   Music                           2026-05-01                          "
"MUS-2       Transform Compatible bandwidth       Backlog      Urgent    -                   Music                           2026-05-24                          "
"ALT-2       Enhance Total applications           In Review    Low       Cathy Wilderman     Alternative Dispute Resolution  2026-04-18                          "
"COM-2       Enhance Mandatory convergence        Done         High      Monique Wintheiser  Computer Games                  2026-06-04                          "
"PRI-1       Implement Face to face bandwidth     Todo         Urgent    Emie Parker         Printing                        2026-05-30                          "
"PRI-2       Repurpose Cross-group interfaces     In Review    Urgent    Samanta Lynch       Printing                        2026-06-13                          "
"MUS-3       Seize Multi-layered content          Backlog      High      Percival Mante      Music                           2026-03-01                          "
"MUS-4       Grow Face to face initiatives        In Review    Normal    Al Collins          Music                           2026-05-29                          "
"ALT-3       Optimize Persistent infrastructures  In Progress  Urgent    -                   Alternative Dispute Resolution  2026-06-25                          "
"MUS-5       Productize Optimized solutions       Canceled     Low       Wilford Bins        Music                           2026-05-20                          "
"                                                                                                                                                                "
"                                                                                                                                                                "
"                                                                                                                                                                "
"                                                                                                                                                                "
"q quit  / search  ctrl+/ help  j/k nav  <space> detail  c new                                                                                    not synced  [1]"
