---
source: crates/lt-tui/src/render_tests.rs
expression: "draw(&mut app, 100, 24)"
---
"user:Ada Lovelace  org:Acme  sort:updated-                                                          "
"                                                                                                    "
"IDE╭ Help  (type to search, Esc to close) ─────────────────────────────────────────────────────╮D - "
"FIN│/                                                                                          │6-18"
"TOB│ j / down                global     move down                                              │6-13"
"PUB│ k / up                  global     move up                                                │6-13"
"FIN│ g g                     global     go to top                                              │5-14"
"TOB│ G                       global     go to bottom                                           │4-20"
"PUB│ ctrl+d                  global     half page down                                         │4-15"
"PUB│ ctrl+u                  global     half page up                                           │4-12"
"TOB│ pgdn                    global     page down                                              │4-07"
"TOB│ pgup                    global     page up                                                │3-16"
"TOB│ enter / space           list       open detail pane                                       │3-15"
"FIN│ /                       list       search                                                 │2-22"
"FIN│ ctrl+/ / ctrl+7         list       open keyboard shortcuts                                │1-30"
"   │ c                       list       create issue                                           │    "
"   │ s                       list       set status                                             │    "
"   │ p                       list       set priority                                           │    "
"   │ a                       list       set assignee                                           │    "
"   │ ctrl+r                  list       refresh                                                │    "
"   ╰───────────────────────────────────────────────────────────────────────────────────────────╯    "
"                                                                                                    "
"                                                                                                    "
"q quit  / search  ctrl+/ help  j/k nav  <space> detail  c new                        not synced  [1]"
