---
source: crates/lt-tui/src/render_tests.rs
assertion_line: 270
expression: "draw(&mut app, 80, 10)"
---
"user:Ada Lovelace  org:Acme  sort:updated-                                      "
"                                                                                "
"No issues found.                                                                "
"                                                                                "
"                                                                                "
"                                                                                "
"                                                                                "
"                                                                                "
"                                                                                "
"q quit  / filter  ctrl+/ help  j/k nav  <space> detail  c new    not synced  [1]"
