---
source: crates/lt-tui/src/render_tests.rs
expression: "draw(&mut app, 100, 24)"
---
"user:Ada Lovelace  org:Acme  sort:updated-                                                          "
"                                                                                                    "
"IDE╭ Help  (type to search, Esc to close) ─────────────────────────────────────────────────────╮D - "
"ALT│/                                                                                          │6-07"
"COM│ j / down                global     move down                                              │2-11"
"MUS│ k / up                  global     move up                                                │5-01"
"MUS│ g g                     global     go to top                                              │5-24"
"ALT│ G                       global     go to bottom                                           │4-18"
"COM│ ctrl+d                  global     half page down                                         │6-04"
"PRI│ ctrl+u                  global     half page up                                           │5-30"
"PRI│ pgdn                    global     page down                                              │6-13"
"MUS│ pgup                    global     page up                                                │3-01"
"MUS│ enter / space           list       open detail pane                                       │5-29"
"ALT│ /                       list       search                                                 │6-25"
"MUS│ ctrl+/ / ctrl+7         list       open keyboard shortcuts                                │5-20"
"   │ c                       list       create issue                                           │    "
"   │ s                       list       set status                                             │    "
"   │ p                       list       set priority                                           │    "
"   │ a                       list       set assignee                                           │    "
"   │ ctrl+r                  list       refresh                                                │    "
"   ╰───────────────────────────────────────────────────────────────────────────────────────────╯    "
"                                                                                                    "
"                                                                                                    "
"q quit  / search  ctrl+/ help  j/k nav  <space> detail  c new                        not synced  [1]"
