---
source: crates/lt-tui/src/render_tests.rs
expression: "draw(&mut app, 100, 24)"
---
"user:Ada Lovelace  org:Acme  sort:updated-                                                          "
"                                                                                                    "
"IDENTIFIER  TITLE         STATE        P│FIN-3 - Evolve Monitored synergies                         "
"FIN-3       Evolve Monit  Backlog      H│[Backlog]  High  Alexzander Morissette  Fine Art           "
"TOB-3       Monetize Man  Done         N│Parent: FIN-2                                              "
"PUB-1       Incubate Pha  Todo         H│Labels: quasi                                              "
"FIN-4       Morph Synchr  Todo         H│                                                           "
"TOB-4       Synergize Sh  In Review    N│                                                           "
"PUB-2       Leverage Syn  Canceled     L│                                                           "
"PUB-3       Transform Cu  Done         H│                                                           "
"TOB-1       Expedite Adv  Canceled     N│                                                           "
"TOB-2       Engineer Ver  In Progress  U│                                                           "
"TOB-5       Drive Assimi  Canceled     N│                                                           "
"FIN-2       Transition C  Todo         U│                                                           "
"FIN-1       Transform De  In Review    U│                                                           "
"                                        │                                                           "
"                                        │                                                           "
"                                        │                                                           "
"                                        │                                                           "
"                                        │                                                           "
"                                        │                                                           "
"                                        │                                                           "
"                                                                                                    "
"j/k scroll  c comment  o b open in browser  Esc/q close                                             "
