---
source: crates/lt-tui/src/render_tests.rs
expression: "draw(&mut app, 100, 30)"
---
"user:Ada Lovelace  org:Acme  sort:updated-                                                          "
"                                                                                                    "
"IDENTIFIER  TITLE         STATE        PRIORITY     ASSIGNEE               TEAM           UPDATED - "
"FIN-3       Evolve Monit  Backlog      High         Alexzander Morissette  Fine Art       2026-06-18"
"TOB-3       Mon╭ New Issue  [Tab next]  [Shift-Tab prev]  [Alt-Enter submit]  [Esc c╮     2026-06-13"
"PUB-1       Inc│[Title]  Fix the renderer                                           │icy  2026-06-13"
"FIN-4       Mor│                                                                    │     2026-05-14"
"TOB-4       Syn│ Team   Engineering                                                 │     2026-04-20"
"PUB-2       Lev│                                                                    │icy  2026-04-15"
"PUB-3       Tra│                                                                    │icy  2026-04-12"
"TOB-1       Exp│                                                                    │     2026-04-07"
"TOB-2       Eng│ Priority   No priority                                             │     2026-03-16"
"TOB-5       Dri│                                                                    │     2026-03-15"
"FIN-2       Tra│                                                                    │     2026-02-22"
"FIN-1       Tra│                                                                    │     2026-01-30"
"               │ State   Todo                                                       │               "
"               │                                                                    │               "
"               │                                                                    │               "
"               │ Assignee   Ada Lovelace                                            │               "
"               │                                                                    │               "
"               │                                                                    │               "
"               │                                                                    │               "
"               │ Description                                                        │               "
"               │Some description.                                                   │               "
"               │                                                                    │               "
"               ╰────────────────────────────────────────────────────────────────────╯               "
"                                                                                                    "
"                                                                                                    "
"                                                                                                    "
"q quit  / search  ctrl+/ help  j/k nav  <space> detail  c new                        not synced  [1]"
